ast.Node{ .const_decl = ast.ConstDecl{ .name = ast.Span{ .start = 6, .end = 7 }, .typ = null, .value = ast.Node{ .number_literal = ast.NumberLiteral{ .span = ast.Span{ .start = 10, .end = 18 }, .kind = ast.NumberLiteral.NumberKind.abstract_float } } } }
ast.Node{ .const_decl = ast.ConstDecl{ .name = ast.Span{ .start = 26, .end = 27 }, .typ = null, .value = ast.Node{ .number_literal = ast.NumberLiteral{ .span = ast.Span{ .start = 30, .end = 37 }, .kind = ast.NumberLiteral.NumberKind.f32 } } } }
ast.Node{ .const_decl = ast.ConstDecl{ .name = ast.Span{ .start = 45, .end = 46 }, .typ = null, .value = ast.Node{ .number_literal = ast.NumberLiteral{ .span = ast.Span{ .start = 49, .end = 53 }, .kind = ast.NumberLiteral.NumberKind.abstract_float } } } }
ast.Node{ .const_decl = ast.ConstDecl{ .name = ast.Span{ .start = 61, .end = 62 }, .typ = null, .value = ast.Node{ .number_literal = ast.NumberLiteral{ .span = ast.Span{ .start = 65, .end = 72 }, .kind = ast.NumberLiteral.NumberKind.f16 } } } }
ast.Node{ .const_decl = ast.ConstDecl{ .name = ast.Span{ .start = 80, .end = 81 }, .typ = null, .value = ast.Node{ .number_literal = ast.NumberLiteral{ .span = ast.Span{ .start = 84, .end = 92 }, .kind = ast.NumberLiteral.NumberKind.abstract_float } } } }
ast.Node{ .const_decl = ast.ConstDecl{ .name = ast.Span{ .start = 100, .end = 101 }, .typ = null, .value = ast.Node{ .number_literal = ast.NumberLiteral{ .span = ast.Span{ .start = 104, .end = 113 }, .kind = ast.NumberLiteral.NumberKind.f16 } } } }
