ast.Node{ .var_decl = ast.VarDecl{ .name = ast.Span{ .start = 94, .end = 95 }, .access_mode = null, .addr_space = ast.AddrSpace.private, .typ = ast.Node{ .template = ast.Template{ .name = ast.Span{ .start = 97, .end = 102 }, .args = { ast.Node{ .identifier = ast.Span{ .start = 103, .end = 106 } }, ast.Node{ .number_literal = ast.NumberLiteral{ .span = ast.Span{ .start = 107, .end = 108 }, .kind = ast.NumberLiteral.NumberKind.abstract_int } } } } }, .value = null } }
ast.Node{ .var_decl = ast.VarDecl{ .name = ast.Span{ .start = 124, .end = 125 }, .access_mode = null, .addr_space = ast.AddrSpace.private, .typ = ast.Node{ .template = ast.Template{ .name = ast.Span{ .start = 127, .end = 132 }, .args = { ast.Node{ .identifier = ast.Span{ .start = 133, .end = 136 } }, ast.Node{ .number_literal = ast.NumberLiteral{ .span = ast.Span{ .start = 137, .end = 138 }, .kind = ast.NumberLiteral.NumberKind.abstract_int } } } } }, .value = null } }
ast.Node{ .var_decl = ast.VarDecl{ .name = ast.Span{ .start = 154, .end = 155 }, .access_mode = null, .addr_space = ast.AddrSpace.private, .typ = ast.Node{ .template = ast.Template{ .name = ast.Span{ .start = 157, .end = 162 }, .args = { ast.Node{ .identifier = ast.Span{ .start = 163, .end = 166 } }, ast.Node{ .number_literal = ast.NumberLiteral{ .span = ast.Span{ .start = 167, .end = 169 }, .kind = ast.NumberLiteral.NumberKind.u32 } } } } }, .value = null } }
ast.Node{ .const_decl = ast.ConstDecl{ .name = ast.Span{ .start = 232, .end = 237 }, .typ = null, .value = ast.Node{ .number_literal = ast.NumberLiteral{ .span = ast.Span{ .start = 240, .end = 241 }, .kind = ast.NumberLiteral.NumberKind.abstract_int } } } }
ast.Node{ .const_decl = ast.ConstDecl{ .name = ast.Span{ .start = 249, .end = 255 }, .typ = null, .value = ast.Node{ .number_literal = ast.NumberLiteral{ .span = ast.Span{ .start = 258, .end = 259 }, .kind = ast.NumberLiteral.NumberKind.abstract_int } } } }
ast.Node{ .var_decl = ast.VarDecl{ .name = ast.Span{ .start = 386, .end = 387 }, .access_mode = null, .addr_space = ast.AddrSpace.private, .typ = ast.Node{ .template = ast.Template{ .name = ast.Span{ .start = 389, .end = 394 }, .args = { ast.Node{ .identifier = ast.Span{ .start = 395, .end = 398 } }, ast.Node{ .identifier = ast.Span{ .start = 399, .end = 404 } } } } }, .value = null } }
ast.Node{ .var_decl = ast.VarDecl{ .name = ast.Span{ .start = 482, .end = 483 }, .access_mode = null, .addr_space = ast.AddrSpace.private, .typ = ast.Node{ .template = ast.Template{ .name = ast.Span{ .start = 485, .end = 490 }, .args = { ast.Node{ .identifier = ast.Span{ .start = 491, .end = 494 } }, ast.Node{ .identifier = ast.Span{ .start = 495, .end = 500 } } } } }, .value = null } }
ast.Node{ .var_decl = ast.VarDecl{ .name = ast.Span{ .start = 516, .end = 517 }, .access_mode = null, .addr_space = ast.AddrSpace.private, .typ = ast.Node{ .template = ast.Template{ .name = ast.Span{ .start = 519, .end = 524 }, .args = { ast.Node{ .identifier = ast.Span{ .start = 525, .end = 528 } }, ast.Node{ .identifier = ast.Span{ .start = 529, .end = 535 } } } } }, .value = null } }
