ast.Node{ .var_decl = ast.VarDecl{ .name = ast.Span{ .start = 191, .end = 203 }, .access_mode = ast.AccessMode.read_write, .addr_space = null, .typ = ast.Node{ .template = ast.Template{ .name = ast.Span{ .start = 205, .end = 210 }, .args = { ast.Node{ .identifier = ast.Span{ .start = 211, .end = 214 } }, ast.Node{ .number_literal = ast.NumberLiteral{ .span = ast.Span{ .start = 216, .end = 217 }, .kind = ast.NumberLiteral.NumberKind.abstract_int } } } } }, .value = null } }
ast.Node{ .var_decl = ast.VarDecl{ .name = ast.Span{ .start = 470, .end = 483 }, .access_mode = ast.AccessMode.read_write, .addr_space = null, .typ = ast.Node{ .template = ast.Template{ .name = ast.Span{ .start = 485, .end = 490 }, .args = { ast.Node{ .template = ast.Template{ .name = ast.Span{ .start = 491, .end = 495 }, .args = { ast.Node{ .identifier = ast.Span{ .start = 496, .end = 499 } } } } }, ast.Node{ .number_literal = ast.NumberLiteral{ .span = ast.Span{ .start = 502, .end = 503 }, .kind = ast.NumberLiteral.NumberKind.abstract_int } } } } }, .value = null } }
