ast.Node{ .attributed = ast.Attributed{ .attributes = { ast.Attribute{ .group = ast.Node{ .number_literal = ast.NumberLiteral{ .span = ast.Span{ .start = 309, .end = 310 }, .kind = ast.NumberLiteral.NumberKind.abstract_int } } }, ast.Attribute{ .binding = ast.Node{ .number_literal = ast.NumberLiteral{ .span = ast.Span{ .start = 321, .end = 322 }, .kind = ast.NumberLiteral.NumberKind.abstract_int } } } }, .inner = ast.Node{ .var_decl = ast.VarDecl{ .name = ast.Span{ .start = 337, .end = 344 }, .access_mode = ast.AccessMode.read_write, .addr_space = ast.AddrSpace.storage, .typ = ast.Node{ .template = ast.Template{ .name = ast.Span{ .start = 346, .end = 351 }, .args = { ast.Node{ .identifier = ast.Span{ .start = 352, .end = 355 } } } } }, .value = null } } } }
ast.Node{ .var_decl = ast.VarDecl{ .name = ast.Span{ .start = 742, .end = 752 }, .access_mode = ast.AccessMode.read_write, .addr_space = ast.AddrSpace.storage, .typ = ast.Node{ .template = ast.Template{ .name = ast.Span{ .start = 754, .end = 759 }, .args = { ast.Node{ .template = ast.Template{ .name = ast.Span{ .start = 760, .end = 764 }, .args = { ast.Node{ .identifier = ast.Span{ .start = 765, .end = 768 } } } } } } } }, .value = null } }
