ast.Node{ .const_decl = ast.ConstDecl{ .name = ast.Span{ .start = 6, .end = 7 }, .typ = null, .value = ast.Node{ .number_literal = ast.Span{ .start = 10, .end = 15 } } } } ast.Node{ .const_decl = ast.ConstDecl{ .name = ast.Span{ .start = 23, .end = 24 }, .typ = null, .value = ast.Node{ .number_literal = ast.Span{ .start = 27, .end = 33 } } } } ast.Node{ .const_decl = ast.ConstDecl{ .name = ast.Span{ .start = 41, .end = 42 }, .typ = null, .value = ast.Node{ .number_literal = ast.Span{ .start = 45, .end = 49 } } } } 