ast.Node{ .fn_decl = ast.FnDecl{ .name = ast.Span{ .start = 206, .end = 209 }, .params = {  }, .ret = ast.Node{ .identifier = ast.Span{ .start = 215, .end = 218 } }, .scope = { ast.Node{ .ret = ast.Ret{ .value = ast.Node{ .number_literal = ast.NumberLiteral{ .span = ast.Span{ .start = 228, .end = 229 }, .kind = ast.NumberLiteral.NumberKind.abstract_int } } } } } } } ast.Node{ .const_decl = ast.ConstDecl{ .name = ast.Span{ .start = 240, .end = 250 }, .typ = null, .value = ast.Node{ .number_literal = ast.NumberLiteral{ .span = ast.Span{ .start = 253, .end = 255 }, .kind = ast.NumberLiteral.NumberKind.abstract_int } } } } 