ast.Node{ .let_decl = ast.LetDecl{ .name = ast.Span{ .start = 47, .end = 56 }, .typ = ast.Node{ .identifier = ast.Span{ .start = 58, .end = 61 } }, .value = ast.Node{ .number_literal = ast.Span{ .start = 64, .end = 68 } } } } ast.Node{ .let_decl = ast.LetDecl{ .name = ast.Span{ .start = 139, .end = 147 }, .typ = null, .value = ast.Node{ .number_literal = ast.Span{ .start = 150, .end = 153 } } } } 