ast.Node{ .fn_decl = ast.FnDecl{ .name = ast.Span{ .start = 3, .end = 9 }, .params = {  }, .ret = ast.Node{ .identifier = ast.Span{ .start = 15, .end = 18 } }, .scope = { ast.Node{ .var_decl = ast.VarDecl{ .name = ast.Span{ .start = 27, .end = 28 }, .access_mode = ast.AccessMode.read, .addr_space = null, .typ = ast.Node{ .identifier = ast.Span{ .start = 30, .end = 33 } }, .value = null } }, ast.Node{ .ret = ast.Ret{ .value = ast.Node{ .number_literal = ast.Span{ .start = 44, .end = 45 } } } }, ast.Node{ .assign = ast.BinaryOp{ .lhs = ast.Node{ .identifier = ast.Span{ .start = 72, .end = 73 } }, .rhs = ast.Node{ .number_literal = ast.Span{ .start = 76, .end = 77 } } } }, ast.Node{ .ret = ast.Ret{ .value = ast.Node{ .number_literal = ast.Span{ .start = 252, .end = 253 } } } } } } } 