ast.Node{ .attributed = ast.Attributed{ .attributes = { ast.Attribute{ .group = ast.Node{ .number_literal = ast.NumberLiteral{ .span = ast.Span{ .start = 7, .end = 8 }, .kind = ast.NumberLiteral.NumberKind.abstract_int } } }, ast.Attribute{ .binding = ast.Node{ .number_literal = ast.NumberLiteral{ .span = ast.Span{ .start = 19, .end = 20 }, .kind = ast.NumberLiteral.NumberKind.abstract_int } } } }, .inner = ast.Node{ .var_decl = ast.VarDecl{ .name = ast.Span{ .start = 35, .end = 42 }, .access_mode = ast.AccessMode.read, .addr_space = ast.AddrSpace.storage, .typ = ast.Node{ .template = ast.Template{ .name = ast.Span{ .start = 44, .end = 49 }, .args = { ast.Node{ .identifier = ast.Span{ .start = 50, .end = 53 } } } } }, .value = null } } } } 