ast.Node{ .const_decl = ast.ConstDecl{ .name = ast.Span{ .start = 37, .end = 42 }, .typ = null, .value = ast.Node{ .number_literal = ast.NumberLiteral{ .span = ast.Span{ .start = 45, .end = 46 }, .kind = ast.NumberLiteral.NumberKind.abstract_int } } } }
ast.Node{ .const_decl = ast.ConstDecl{ .name = ast.Span{ .start = 54, .end = 61 }, .typ = null, .value = ast.Node{ .number_literal = ast.NumberLiteral{ .span = ast.Span{ .start = 64, .end = 65 }, .kind = ast.NumberLiteral.NumberKind.abstract_int } } } }
ast.Node{ .const_decl = ast.ConstDecl{ .name = ast.Span{ .start = 73, .end = 80 }, .typ = null, .value = ast.Node{ .number_literal = ast.NumberLiteral{ .span = ast.Span{ .start = 83, .end = 84 }, .kind = ast.NumberLiteral.NumberKind.abstract_int } } } }
ast.Node{ .const_decl = ast.ConstDecl{ .name = ast.Span{ .start = 92, .end = 97 }, .typ = null, .value = ast.Node{ .number_literal = ast.NumberLiteral{ .span = ast.Span{ .start = 100, .end = 101 }, .kind = ast.NumberLiteral.NumberKind.abstract_int } } } }
ast.Node{ .const_decl = ast.ConstDecl{ .name = ast.Span{ .start = 109, .end = 111 }, .typ = null, .value = ast.Node{ .number_literal = ast.NumberLiteral{ .span = ast.Span{ .start = 114, .end = 115 }, .kind = ast.NumberLiteral.NumberKind.abstract_int } } } }
ast.Node{ .const_decl = ast.ConstDecl{ .name = ast.Span{ .start = 123, .end = 134 }, .typ = null, .value = ast.Node{ .number_literal = ast.NumberLiteral{ .span = ast.Span{ .start = 137, .end = 138 }, .kind = ast.NumberLiteral.NumberKind.abstract_int } } } }
ast.Node{ .const_decl = ast.ConstDecl{ .name = ast.Span{ .start = 146, .end = 155 }, .typ = null, .value = ast.Node{ .number_literal = ast.NumberLiteral{ .span = ast.Span{ .start = 158, .end = 159 }, .kind = ast.NumberLiteral.NumberKind.abstract_int } } } }
ast.Node{ .const_decl = ast.ConstDecl{ .name = ast.Span{ .start = 167, .end = 175 }, .typ = null, .value = ast.Node{ .number_literal = ast.NumberLiteral{ .span = ast.Span{ .start = 178, .end = 179 }, .kind = ast.NumberLiteral.NumberKind.abstract_int } } } }
ast.Node{ .const_decl = ast.ConstDecl{ .name = ast.Span{ .start = 187, .end = 195 }, .typ = null, .value = ast.Node{ .number_literal = ast.NumberLiteral{ .span = ast.Span{ .start = 198, .end = 199 }, .kind = ast.NumberLiteral.NumberKind.abstract_int } } } }
ast.Node{ .const_decl = ast.ConstDecl{ .name = ast.Span{ .start = 207, .end = 211 }, .typ = null, .value = ast.Node{ .number_literal = ast.NumberLiteral{ .span = ast.Span{ .start = 214, .end = 215 }, .kind = ast.NumberLiteral.NumberKind.abstract_int } } } }
ast.Node{ .const_decl = ast.ConstDecl{ .name = ast.Span{ .start = 223, .end = 237 }, .typ = null, .value = ast.Node{ .number_literal = ast.NumberLiteral{ .span = ast.Span{ .start = 240, .end = 241 }, .kind = ast.NumberLiteral.NumberKind.abstract_int } } } }
ast.Node{ .const_decl = ast.ConstDecl{ .name = ast.Span{ .start = 272, .end = 276 }, .typ = null, .value = ast.Node{ .number_literal = ast.NumberLiteral{ .span = ast.Span{ .start = 279, .end = 280 }, .kind = ast.NumberLiteral.NumberKind.abstract_int } } } }
ast.Node{ .const_decl = ast.ConstDecl{ .name = ast.Span{ .start = 288, .end = 291 }, .typ = null, .value = ast.Node{ .number_literal = ast.NumberLiteral{ .span = ast.Span{ .start = 294, .end = 295 }, .kind = ast.NumberLiteral.NumberKind.abstract_int } } } }
ast.Node{ .const_decl = ast.ConstDecl{ .name = ast.Span{ .start = 303, .end = 306 }, .typ = null, .value = ast.Node{ .number_literal = ast.NumberLiteral{ .span = ast.Span{ .start = 309, .end = 310 }, .kind = ast.NumberLiteral.NumberKind.abstract_int } } } }
ast.Node{ .const_decl = ast.ConstDecl{ .name = ast.Span{ .start = 318, .end = 321 }, .typ = null, .value = ast.Node{ .number_literal = ast.NumberLiteral{ .span = ast.Span{ .start = 324, .end = 325 }, .kind = ast.NumberLiteral.NumberKind.abstract_int } } } }
ast.Node{ .const_decl = ast.ConstDecl{ .name = ast.Span{ .start = 333, .end = 340 }, .typ = null, .value = ast.Node{ .number_literal = ast.NumberLiteral{ .span = ast.Span{ .start = 343, .end = 344 }, .kind = ast.NumberLiteral.NumberKind.abstract_int } } } }
ast.Node{ .const_decl = ast.ConstDecl{ .name = ast.Span{ .start = 352, .end = 370 }, .typ = null, .value = ast.Node{ .number_literal = ast.NumberLiteral{ .span = ast.Span{ .start = 373, .end = 374 }, .kind = ast.NumberLiteral.NumberKind.abstract_int } } } }
ast.Node{ .const_decl = ast.ConstDecl{ .name = ast.Span{ .start = 382, .end = 398 }, .typ = null, .value = ast.Node{ .number_literal = ast.NumberLiteral{ .span = ast.Span{ .start = 401, .end = 402 }, .kind = ast.NumberLiteral.NumberKind.abstract_int } } } }
ast.Node{ .const_decl = ast.ConstDecl{ .name = ast.Span{ .start = 410, .end = 432 }, .typ = null, .value = ast.Node{ .number_literal = ast.NumberLiteral{ .span = ast.Span{ .start = 435, .end = 436 }, .kind = ast.NumberLiteral.NumberKind.abstract_int } } } }
ast.Node{ .const_decl = ast.ConstDecl{ .name = ast.Span{ .start = 444, .end = 462 }, .typ = null, .value = ast.Node{ .number_literal = ast.NumberLiteral{ .span = ast.Span{ .start = 465, .end = 466 }, .kind = ast.NumberLiteral.NumberKind.abstract_int } } } }
ast.Node{ .const_decl = ast.ConstDecl{ .name = ast.Span{ .start = 474, .end = 498 }, .typ = null, .value = ast.Node{ .number_literal = ast.NumberLiteral{ .span = ast.Span{ .start = 501, .end = 502 }, .kind = ast.NumberLiteral.NumberKind.abstract_int } } } }
ast.Node{ .const_decl = ast.ConstDecl{ .name = ast.Span{ .start = 510, .end = 539 }, .typ = null, .value = ast.Node{ .number_literal = ast.NumberLiteral{ .span = ast.Span{ .start = 542, .end = 543 }, .kind = ast.NumberLiteral.NumberKind.abstract_int } } } }
ast.Node{ .const_decl = ast.ConstDecl{ .name = ast.Span{ .start = 551, .end = 567 }, .typ = null, .value = ast.Node{ .number_literal = ast.NumberLiteral{ .span = ast.Span{ .start = 570, .end = 571 }, .kind = ast.NumberLiteral.NumberKind.abstract_int } } } }
ast.Node{ .const_decl = ast.ConstDecl{ .name = ast.Span{ .start = 579, .end = 582 }, .typ = null, .value = ast.Node{ .number_literal = ast.NumberLiteral{ .span = ast.Span{ .start = 585, .end = 586 }, .kind = ast.NumberLiteral.NumberKind.abstract_int } } } }
ast.Node{ .const_decl = ast.ConstDecl{ .name = ast.Span{ .start = 627, .end = 632 }, .typ = null, .value = ast.Node{ .number_literal = ast.NumberLiteral{ .span = ast.Span{ .start = 635, .end = 636 }, .kind = ast.NumberLiteral.NumberKind.abstract_int } } } }
ast.Node{ .const_decl = ast.ConstDecl{ .name = ast.Span{ .start = 644, .end = 650 }, .typ = null, .value = ast.Node{ .number_literal = ast.NumberLiteral{ .span = ast.Span{ .start = 653, .end = 654 }, .kind = ast.NumberLiteral.NumberKind.abstract_int } } } }
ast.Node{ .const_decl = ast.ConstDecl{ .name = ast.Span{ .start = 662, .end = 668 }, .typ = null, .value = ast.Node{ .number_literal = ast.NumberLiteral{ .span = ast.Span{ .start = 671, .end = 672 }, .kind = ast.NumberLiteral.NumberKind.abstract_int } } } }
ast.Node{ .const_decl = ast.ConstDecl{ .name = ast.Span{ .start = 680, .end = 686 }, .typ = null, .value = ast.Node{ .number_literal = ast.NumberLiteral{ .span = ast.Span{ .start = 689, .end = 690 }, .kind = ast.NumberLiteral.NumberKind.abstract_int } } } }
ast.Node{ .const_decl = ast.ConstDecl{ .name = ast.Span{ .start = 698, .end = 704 }, .typ = null, .value = ast.Node{ .number_literal = ast.NumberLiteral{ .span = ast.Span{ .start = 707, .end = 708 }, .kind = ast.NumberLiteral.NumberKind.abstract_int } } } }
ast.Node{ .const_decl = ast.ConstDecl{ .name = ast.Span{ .start = 716, .end = 722 }, .typ = null, .value = ast.Node{ .number_literal = ast.NumberLiteral{ .span = ast.Span{ .start = 725, .end = 726 }, .kind = ast.NumberLiteral.NumberKind.abstract_int } } } }
ast.Node{ .const_decl = ast.ConstDecl{ .name = ast.Span{ .start = 734, .end = 740 }, .typ = null, .value = ast.Node{ .number_literal = ast.NumberLiteral{ .span = ast.Span{ .start = 743, .end = 744 }, .kind = ast.NumberLiteral.NumberKind.abstract_int } } } }
ast.Node{ .const_decl = ast.ConstDecl{ .name = ast.Span{ .start = 752, .end = 758 }, .typ = null, .value = ast.Node{ .number_literal = ast.NumberLiteral{ .span = ast.Span{ .start = 761, .end = 762 }, .kind = ast.NumberLiteral.NumberKind.abstract_int } } } }
ast.Node{ .const_decl = ast.ConstDecl{ .name = ast.Span{ .start = 770, .end = 776 }, .typ = null, .value = ast.Node{ .number_literal = ast.NumberLiteral{ .span = ast.Span{ .start = 779, .end = 780 }, .kind = ast.NumberLiteral.NumberKind.abstract_int } } } }
ast.Node{ .const_decl = ast.ConstDecl{ .name = ast.Span{ .start = 788, .end = 794 }, .typ = null, .value = ast.Node{ .number_literal = ast.NumberLiteral{ .span = ast.Span{ .start = 797, .end = 798 }, .kind = ast.NumberLiteral.NumberKind.abstract_int } } } }
ast.Node{ .const_decl = ast.ConstDecl{ .name = ast.Span{ .start = 806, .end = 812 }, .typ = null, .value = ast.Node{ .number_literal = ast.NumberLiteral{ .span = ast.Span{ .start = 815, .end = 816 }, .kind = ast.NumberLiteral.NumberKind.abstract_int } } } }
ast.Node{ .const_decl = ast.ConstDecl{ .name = ast.Span{ .start = 824, .end = 827 }, .typ = null, .value = ast.Node{ .number_literal = ast.NumberLiteral{ .span = ast.Span{ .start = 830, .end = 831 }, .kind = ast.NumberLiteral.NumberKind.abstract_int } } } }
ast.Node{ .const_decl = ast.ConstDecl{ .name = ast.Span{ .start = 839, .end = 849 }, .typ = null, .value = ast.Node{ .number_literal = ast.NumberLiteral{ .span = ast.Span{ .start = 852, .end = 853 }, .kind = ast.NumberLiteral.NumberKind.abstract_int } } } }
ast.Node{ .const_decl = ast.ConstDecl{ .name = ast.Span{ .start = 861, .end = 871 }, .typ = null, .value = ast.Node{ .number_literal = ast.NumberLiteral{ .span = ast.Span{ .start = 874, .end = 875 }, .kind = ast.NumberLiteral.NumberKind.abstract_int } } } }
ast.Node{ .const_decl = ast.ConstDecl{ .name = ast.Span{ .start = 883, .end = 899 }, .typ = null, .value = ast.Node{ .number_literal = ast.NumberLiteral{ .span = ast.Span{ .start = 902, .end = 903 }, .kind = ast.NumberLiteral.NumberKind.abstract_int } } } }
ast.Node{ .const_decl = ast.ConstDecl{ .name = ast.Span{ .start = 911, .end = 921 }, .typ = null, .value = ast.Node{ .number_literal = ast.NumberLiteral{ .span = ast.Span{ .start = 924, .end = 925 }, .kind = ast.NumberLiteral.NumberKind.abstract_int } } } }
ast.Node{ .const_decl = ast.ConstDecl{ .name = ast.Span{ .start = 933, .end = 945 }, .typ = null, .value = ast.Node{ .number_literal = ast.NumberLiteral{ .span = ast.Span{ .start = 948, .end = 949 }, .kind = ast.NumberLiteral.NumberKind.abstract_int } } } }
ast.Node{ .const_decl = ast.ConstDecl{ .name = ast.Span{ .start = 957, .end = 975 }, .typ = null, .value = ast.Node{ .number_literal = ast.NumberLiteral{ .span = ast.Span{ .start = 978, .end = 979 }, .kind = ast.NumberLiteral.NumberKind.abstract_int } } } }
ast.Node{ .const_decl = ast.ConstDecl{ .name = ast.Span{ .start = 987, .end = 1010 }, .typ = null, .value = ast.Node{ .number_literal = ast.NumberLiteral{ .span = ast.Span{ .start = 1013, .end = 1014 }, .kind = ast.NumberLiteral.NumberKind.abstract_int } } } }
ast.Node{ .const_decl = ast.ConstDecl{ .name = ast.Span{ .start = 1022, .end = 1040 }, .typ = null, .value = ast.Node{ .number_literal = ast.NumberLiteral{ .span = ast.Span{ .start = 1043, .end = 1044 }, .kind = ast.NumberLiteral.NumberKind.abstract_int } } } }
ast.Node{ .const_decl = ast.ConstDecl{ .name = ast.Span{ .start = 1052, .end = 1070 }, .typ = null, .value = ast.Node{ .number_literal = ast.NumberLiteral{ .span = ast.Span{ .start = 1073, .end = 1074 }, .kind = ast.NumberLiteral.NumberKind.abstract_int } } } }
ast.Node{ .const_decl = ast.ConstDecl{ .name = ast.Span{ .start = 1082, .end = 1106 }, .typ = null, .value = ast.Node{ .number_literal = ast.NumberLiteral{ .span = ast.Span{ .start = 1109, .end = 1110 }, .kind = ast.NumberLiteral.NumberKind.abstract_int } } } }
ast.Node{ .const_decl = ast.ConstDecl{ .name = ast.Span{ .start = 1118, .end = 1136 }, .typ = null, .value = ast.Node{ .number_literal = ast.NumberLiteral{ .span = ast.Span{ .start = 1139, .end = 1140 }, .kind = ast.NumberLiteral.NumberKind.abstract_int } } } }
ast.Node{ .const_decl = ast.ConstDecl{ .name = ast.Span{ .start = 1148, .end = 1152 }, .typ = null, .value = ast.Node{ .number_literal = ast.NumberLiteral{ .span = ast.Span{ .start = 1155, .end = 1156 }, .kind = ast.NumberLiteral.NumberKind.abstract_int } } } }
ast.Node{ .const_decl = ast.ConstDecl{ .name = ast.Span{ .start = 1164, .end = 1168 }, .typ = null, .value = ast.Node{ .number_literal = ast.NumberLiteral{ .span = ast.Span{ .start = 1171, .end = 1172 }, .kind = ast.NumberLiteral.NumberKind.abstract_int } } } }
ast.Node{ .const_decl = ast.ConstDecl{ .name = ast.Span{ .start = 1180, .end = 1184 }, .typ = null, .value = ast.Node{ .number_literal = ast.NumberLiteral{ .span = ast.Span{ .start = 1187, .end = 1188 }, .kind = ast.NumberLiteral.NumberKind.abstract_int } } } }
ast.Node{ .const_decl = ast.ConstDecl{ .name = ast.Span{ .start = 1211, .end = 1215 }, .typ = null, .value = ast.Node{ .number_literal = ast.NumberLiteral{ .span = ast.Span{ .start = 1218, .end = 1219 }, .kind = ast.NumberLiteral.NumberKind.abstract_int } } } }
ast.Node{ .const_decl = ast.ConstDecl{ .name = ast.Span{ .start = 1227, .end = 1232 }, .typ = null, .value = ast.Node{ .number_literal = ast.NumberLiteral{ .span = ast.Span{ .start = 1235, .end = 1236 }, .kind = ast.NumberLiteral.NumberKind.abstract_int } } } }
ast.Node{ .const_decl = ast.ConstDecl{ .name = ast.Span{ .start = 1244, .end = 1254 }, .typ = null, .value = ast.Node{ .number_literal = ast.NumberLiteral{ .span = ast.Span{ .start = 1257, .end = 1258 }, .kind = ast.NumberLiteral.NumberKind.abstract_int } } } }
ast.Node{ .const_decl = ast.ConstDecl{ .name = ast.Span{ .start = 1266, .end = 1274 }, .typ = null, .value = ast.Node{ .number_literal = ast.NumberLiteral{ .span = ast.Span{ .start = 1277, .end = 1278 }, .kind = ast.NumberLiteral.NumberKind.abstract_int } } } }
ast.Node{ .const_decl = ast.ConstDecl{ .name = ast.Span{ .start = 1286, .end = 1293 }, .typ = null, .value = ast.Node{ .number_literal = ast.NumberLiteral{ .span = ast.Span{ .start = 1296, .end = 1297 }, .kind = ast.NumberLiteral.NumberKind.abstract_int } } } }
ast.Node{ .const_decl = ast.ConstDecl{ .name = ast.Span{ .start = 1305, .end = 1314 }, .typ = null, .value = ast.Node{ .number_literal = ast.NumberLiteral{ .span = ast.Span{ .start = 1317, .end = 1318 }, .kind = ast.NumberLiteral.NumberKind.abstract_int } } } }
ast.Node{ .const_decl = ast.ConstDecl{ .name = ast.Span{ .start = 1326, .end = 1333 }, .typ = null, .value = ast.Node{ .number_literal = ast.NumberLiteral{ .span = ast.Span{ .start = 1336, .end = 1337 }, .kind = ast.NumberLiteral.NumberKind.abstract_int } } } }
ast.Node{ .const_decl = ast.ConstDecl{ .name = ast.Span{ .start = 1345, .end = 1352 }, .typ = null, .value = ast.Node{ .number_literal = ast.NumberLiteral{ .span = ast.Span{ .start = 1355, .end = 1356 }, .kind = ast.NumberLiteral.NumberKind.abstract_int } } } }
ast.Node{ .const_decl = ast.ConstDecl{ .name = ast.Span{ .start = 1364, .end = 1375 }, .typ = null, .value = ast.Node{ .number_literal = ast.NumberLiteral{ .span = ast.Span{ .start = 1378, .end = 1379 }, .kind = ast.NumberLiteral.NumberKind.abstract_int } } } }
ast.Node{ .const_decl = ast.ConstDecl{ .name = ast.Span{ .start = 1387, .end = 1393 }, .typ = null, .value = ast.Node{ .number_literal = ast.NumberLiteral{ .span = ast.Span{ .start = 1396, .end = 1397 }, .kind = ast.NumberLiteral.NumberKind.abstract_int } } } }
ast.Node{ .const_decl = ast.ConstDecl{ .name = ast.Span{ .start = 1405, .end = 1409 }, .typ = null, .value = ast.Node{ .number_literal = ast.NumberLiteral{ .span = ast.Span{ .start = 1412, .end = 1413 }, .kind = ast.NumberLiteral.NumberKind.abstract_int } } } }
ast.Node{ .const_decl = ast.ConstDecl{ .name = ast.Span{ .start = 1421, .end = 1427 }, .typ = null, .value = ast.Node{ .number_literal = ast.NumberLiteral{ .span = ast.Span{ .start = 1430, .end = 1431 }, .kind = ast.NumberLiteral.NumberKind.abstract_int } } } }
ast.Node{ .const_decl = ast.ConstDecl{ .name = ast.Span{ .start = 1439, .end = 1447 }, .typ = null, .value = ast.Node{ .number_literal = ast.NumberLiteral{ .span = ast.Span{ .start = 1450, .end = 1451 }, .kind = ast.NumberLiteral.NumberKind.abstract_int } } } }
ast.Node{ .const_decl = ast.ConstDecl{ .name = ast.Span{ .start = 1459, .end = 1465 }, .typ = null, .value = ast.Node{ .number_literal = ast.NumberLiteral{ .span = ast.Span{ .start = 1468, .end = 1469 }, .kind = ast.NumberLiteral.NumberKind.abstract_int } } } }
ast.Node{ .const_decl = ast.ConstDecl{ .name = ast.Span{ .start = 1477, .end = 1489 }, .typ = null, .value = ast.Node{ .number_literal = ast.NumberLiteral{ .span = ast.Span{ .start = 1492, .end = 1493 }, .kind = ast.NumberLiteral.NumberKind.abstract_int } } } }
ast.Node{ .const_decl = ast.ConstDecl{ .name = ast.Span{ .start = 1501, .end = 1515 }, .typ = null, .value = ast.Node{ .number_literal = ast.NumberLiteral{ .span = ast.Span{ .start = 1518, .end = 1519 }, .kind = ast.NumberLiteral.NumberKind.abstract_int } } } }
ast.Node{ .const_decl = ast.ConstDecl{ .name = ast.Span{ .start = 1527, .end = 1535 }, .typ = null, .value = ast.Node{ .number_literal = ast.NumberLiteral{ .span = ast.Span{ .start = 1538, .end = 1539 }, .kind = ast.NumberLiteral.NumberKind.abstract_int } } } }
ast.Node{ .const_decl = ast.ConstDecl{ .name = ast.Span{ .start = 1547, .end = 1559 }, .typ = null, .value = ast.Node{ .number_literal = ast.NumberLiteral{ .span = ast.Span{ .start = 1562, .end = 1563 }, .kind = ast.NumberLiteral.NumberKind.abstract_int } } } }
ast.Node{ .const_decl = ast.ConstDecl{ .name = ast.Span{ .start = 1571, .end = 1581 }, .typ = null, .value = ast.Node{ .number_literal = ast.NumberLiteral{ .span = ast.Span{ .start = 1584, .end = 1585 }, .kind = ast.NumberLiteral.NumberKind.abstract_int } } } }
ast.Node{ .const_decl = ast.ConstDecl{ .name = ast.Span{ .start = 1593, .end = 1612 }, .typ = null, .value = ast.Node{ .number_literal = ast.NumberLiteral{ .span = ast.Span{ .start = 1615, .end = 1616 }, .kind = ast.NumberLiteral.NumberKind.abstract_int } } } }
ast.Node{ .const_decl = ast.ConstDecl{ .name = ast.Span{ .start = 1624, .end = 1646 }, .typ = null, .value = ast.Node{ .number_literal = ast.NumberLiteral{ .span = ast.Span{ .start = 1649, .end = 1650 }, .kind = ast.NumberLiteral.NumberKind.abstract_int } } } }
ast.Node{ .const_decl = ast.ConstDecl{ .name = ast.Span{ .start = 1658, .end = 1678 }, .typ = null, .value = ast.Node{ .number_literal = ast.NumberLiteral{ .span = ast.Span{ .start = 1681, .end = 1682 }, .kind = ast.NumberLiteral.NumberKind.abstract_int } } } }
ast.Node{ .const_decl = ast.ConstDecl{ .name = ast.Span{ .start = 1690, .end = 1702 }, .typ = null, .value = ast.Node{ .number_literal = ast.NumberLiteral{ .span = ast.Span{ .start = 1705, .end = 1706 }, .kind = ast.NumberLiteral.NumberKind.abstract_int } } } }
ast.Node{ .const_decl = ast.ConstDecl{ .name = ast.Span{ .start = 1714, .end = 1728 }, .typ = null, .value = ast.Node{ .number_literal = ast.NumberLiteral{ .span = ast.Span{ .start = 1731, .end = 1732 }, .kind = ast.NumberLiteral.NumberKind.abstract_int } } } }
ast.Node{ .const_decl = ast.ConstDecl{ .name = ast.Span{ .start = 1740, .end = 1752 }, .typ = null, .value = ast.Node{ .number_literal = ast.NumberLiteral{ .span = ast.Span{ .start = 1755, .end = 1756 }, .kind = ast.NumberLiteral.NumberKind.abstract_int } } } }
ast.Node{ .const_decl = ast.ConstDecl{ .name = ast.Span{ .start = 1764, .end = 1775 }, .typ = null, .value = ast.Node{ .number_literal = ast.NumberLiteral{ .span = ast.Span{ .start = 1778, .end = 1779 }, .kind = ast.NumberLiteral.NumberKind.abstract_int } } } }
ast.Node{ .const_decl = ast.ConstDecl{ .name = ast.Span{ .start = 1787, .end = 1797 }, .typ = null, .value = ast.Node{ .number_literal = ast.NumberLiteral{ .span = ast.Span{ .start = 1800, .end = 1801 }, .kind = ast.NumberLiteral.NumberKind.abstract_int } } } }
ast.Node{ .const_decl = ast.ConstDecl{ .name = ast.Span{ .start = 1809, .end = 1819 }, .typ = null, .value = ast.Node{ .number_literal = ast.NumberLiteral{ .span = ast.Span{ .start = 1822, .end = 1823 }, .kind = ast.NumberLiteral.NumberKind.abstract_int } } } }
ast.Node{ .const_decl = ast.ConstDecl{ .name = ast.Span{ .start = 1831, .end = 1840 }, .typ = null, .value = ast.Node{ .number_literal = ast.NumberLiteral{ .span = ast.Span{ .start = 1843, .end = 1844 }, .kind = ast.NumberLiteral.NumberKind.abstract_int } } } }
ast.Node{ .const_decl = ast.ConstDecl{ .name = ast.Span{ .start = 1852, .end = 1861 }, .typ = null, .value = ast.Node{ .number_literal = ast.NumberLiteral{ .span = ast.Span{ .start = 1864, .end = 1865 }, .kind = ast.NumberLiteral.NumberKind.abstract_int } } } }
ast.Node{ .const_decl = ast.ConstDecl{ .name = ast.Span{ .start = 1873, .end = 1883 }, .typ = null, .value = ast.Node{ .number_literal = ast.NumberLiteral{ .span = ast.Span{ .start = 1886, .end = 1887 }, .kind = ast.NumberLiteral.NumberKind.abstract_int } } } }
ast.Node{ .const_decl = ast.ConstDecl{ .name = ast.Span{ .start = 1895, .end = 1905 }, .typ = null, .value = ast.Node{ .number_literal = ast.NumberLiteral{ .span = ast.Span{ .start = 1908, .end = 1909 }, .kind = ast.NumberLiteral.NumberKind.abstract_int } } } }
ast.Node{ .const_decl = ast.ConstDecl{ .name = ast.Span{ .start = 1917, .end = 1928 }, .typ = null, .value = ast.Node{ .number_literal = ast.NumberLiteral{ .span = ast.Span{ .start = 1931, .end = 1932 }, .kind = ast.NumberLiteral.NumberKind.abstract_int } } } }
ast.Node{ .const_decl = ast.ConstDecl{ .name = ast.Span{ .start = 1940, .end = 1947 }, .typ = null, .value = ast.Node{ .number_literal = ast.NumberLiteral{ .span = ast.Span{ .start = 1950, .end = 1951 }, .kind = ast.NumberLiteral.NumberKind.abstract_int } } } }
ast.Node{ .const_decl = ast.ConstDecl{ .name = ast.Span{ .start = 1959, .end = 1966 }, .typ = null, .value = ast.Node{ .number_literal = ast.NumberLiteral{ .span = ast.Span{ .start = 1969, .end = 1970 }, .kind = ast.NumberLiteral.NumberKind.abstract_int } } } }
ast.Node{ .const_decl = ast.ConstDecl{ .name = ast.Span{ .start = 1978, .end = 1986 }, .typ = null, .value = ast.Node{ .number_literal = ast.NumberLiteral{ .span = ast.Span{ .start = 1989, .end = 1990 }, .kind = ast.NumberLiteral.NumberKind.abstract_int } } } }
ast.Node{ .const_decl = ast.ConstDecl{ .name = ast.Span{ .start = 1998, .end = 2006 }, .typ = null, .value = ast.Node{ .number_literal = ast.NumberLiteral{ .span = ast.Span{ .start = 2009, .end = 2010 }, .kind = ast.NumberLiteral.NumberKind.abstract_int } } } }
ast.Node{ .const_decl = ast.ConstDecl{ .name = ast.Span{ .start = 2018, .end = 2026 }, .typ = null, .value = ast.Node{ .number_literal = ast.NumberLiteral{ .span = ast.Span{ .start = 2029, .end = 2030 }, .kind = ast.NumberLiteral.NumberKind.abstract_int } } } }
ast.Node{ .const_decl = ast.ConstDecl{ .name = ast.Span{ .start = 2038, .end = 2047 }, .typ = null, .value = ast.Node{ .number_literal = ast.NumberLiteral{ .span = ast.Span{ .start = 2050, .end = 2051 }, .kind = ast.NumberLiteral.NumberKind.abstract_int } } } }
ast.Node{ .const_decl = ast.ConstDecl{ .name = ast.Span{ .start = 2059, .end = 2069 }, .typ = null, .value = ast.Node{ .number_literal = ast.NumberLiteral{ .span = ast.Span{ .start = 2072, .end = 2073 }, .kind = ast.NumberLiteral.NumberKind.abstract_int } } } }
ast.Node{ .const_decl = ast.ConstDecl{ .name = ast.Span{ .start = 2081, .end = 2091 }, .typ = null, .value = ast.Node{ .number_literal = ast.NumberLiteral{ .span = ast.Span{ .start = 2094, .end = 2095 }, .kind = ast.NumberLiteral.NumberKind.abstract_int } } } }
ast.Node{ .const_decl = ast.ConstDecl{ .name = ast.Span{ .start = 2103, .end = 2114 }, .typ = null, .value = ast.Node{ .number_literal = ast.NumberLiteral{ .span = ast.Span{ .start = 2117, .end = 2118 }, .kind = ast.NumberLiteral.NumberKind.abstract_int } } } }
ast.Node{ .const_decl = ast.ConstDecl{ .name = ast.Span{ .start = 2126, .end = 2136 }, .typ = null, .value = ast.Node{ .number_literal = ast.NumberLiteral{ .span = ast.Span{ .start = 2139, .end = 2140 }, .kind = ast.NumberLiteral.NumberKind.abstract_int } } } }
