ast.Node{ .fn_decl = ast.FnDecl{ .name = ast.Span{ .start = 3, .end = 4 }, .params = { ast.Node{ .labeled_type = ast.LabeledType{ .name = ast.Span{ .start = 5, .end = 6 }, .typ = ast.Node{ .template = ast.Template{ .name = ast.Span{ .start = 9, .end = 13 }, .args = { ast.Node{ .identifier = ast.Span{ .start = 14, .end = 17 } } } } } } } }, .ret = null, .scope = {  } } }
ast.Node{ .fn_decl = ast.FnDecl{ .name = ast.Span{ .start = 27, .end = 28 }, .params = { ast.Node{ .labeled_type = ast.LabeledType{ .name = ast.Span{ .start = 29, .end = 30 }, .typ = ast.Node{ .identifier = ast.Span{ .start = 33, .end = 38 } } } } }, .ret = null, .scope = { ast.Node{ .call = ast.Call{ .callee = ast.Node{ .identifier = ast.Span{ .start = 46, .end = 47 } }, .args = { ast.Node{ .identifier = ast.Span{ .start = 48, .end = 49 } } } } } } } }
